// Vitest Snapshot v1, https://vitest.dev/guide/snapshot.html

exports[`Input > Snapshot > Snapshot: Default 1`] = `
<DocumentFragment>
  <input
    class="element-input"
  />
</DocumentFragment>
`;
