// Vitest Snapshot v1, https://vitest.dev/guide/snapshot.html

exports[`InputSubmit > Snapshot > Snapshot: Default 1`] = `
<DocumentFragment>
  <input
    class="element-input-submit"
    type="submit"
  />
</DocumentFragment>
`;
