// Vitest Snapshot v1, https://vitest.dev/guide/snapshot.html

exports[`InputInvalid > Snapshot > Snapshot: Default 1`] = `
<DocumentFragment>
  <input
    class="element-input-invalid"
  />
</DocumentFragment>
`;
