// Vitest Snapshot v1, https://vitest.dev/guide/snapshot.html

exports[`TextLabel > Snapshot > Snapshot: Default 1`] = `
<DocumentFragment>
  <label
    class="element-text-label"
  >
    Example
  </label>
</DocumentFragment>
`;
